{"C:\\netBeansProjects\\fs-crawler\\tests\\data\\Folder0\\file3.txt": ["5d41402abc4b2a76b9719d911017c592", "FILE", 5], "C:\\netBeansProjects\\fs-crawler\\tests\\data\\Folder0\\file5.txt": ["6a4316b18e6162cf9fcfa435c8eb74c1", "FILE", 12], "C:\\netBeansProjects\\fs-crawler\\tests\\data\\Folder0\\Folder1\\file3.txt": ["5d41402abc4b2a76b9719d911017c592", "FILE", 5], "C:\\netBeansProjects\\fs-crawler\\tests\\data\\Folder0\\Folder1\\file4.txt": ["5d41402abc4b2a76b9719d911017c592", "FILE", 5], "C:\\netBeansProjects\\fs-crawler\\tests\\data\\Folder0\\Folder1\\file5.txt": ["6a4316b18e6162cf9fcfa435c8eb74c1", "FILE", 12], "C:\\netBeansProjects\\fs-crawler\\tests\\data\\Folder0\\Folder1": ["5db266188caad2349bf62380358518c9", "DIR", 22], "C:\\netBeansProjects\\fs-crawler\\tests\\data\\Folder0\\Folder2\\file3.txt": ["5d41402abc4b2a76b9719d911017c592", "FILE", 5], "C:\\netBeansProjects\\fs-crawler\\tests\\data\\Folder0\\Folder2\\file4.txt": ["5d41402abc4b2a76b9719d911017c592", "FILE", 5], "C:\\netBeansProjects\\fs-crawler\\tests\\data\\Folder0\\Folder2\\file5.txt": ["6a4316b18e6162cf9fcfa435c8eb74c1", "FILE", 12], "C:\\netBeansProjects\\fs-crawler\\tests\\data\\Folder0\\Folder2\\Folder2_1\\file4.txt": ["5d41402abc4b2a76b9719d911017c592", "FILE", 5], "C:\\netBeansProjects\\fs-crawler\\tests\\data\\Folder0\\Folder2\\Folder2_1\\file5.txt": ["6a4316b18e6162cf9fcfa435c8eb74c1", "FILE", 12], "C:\\netBeansProjects\\fs-crawler\\tests\\data\\Folder0\\Folder2\\Folder2_1": ["619779d97c70dc00d6aa7a736bfd0d26", "DIR", 17], "C:\\netBeansProjects\\fs-crawler\\tests\\data\\Folder0\\Folder2\\maliciousFox.png": ["bb3752d6d543c87cbbe189d662d1fbe0", "FILE", 367623], "C:\\netBeansProjects\\fs-crawler\\tests\\data\\Folder0\\Folder2\\scaredGroundhog.png": ["bb3752d6d543c87cbbe189d662d1fbe0", "FILE", 367623], "C:\\netBeansProjects\\fs-crawler\\tests\\data\\Folder0\\Folder2\\Thumbs.db": ["ab959cc33b752f274820aff06e6c09ef", "FILE", 164352], "C:\\netBeansProjects\\fs-crawler\\tests\\data\\Folder0\\Folder2": ["42299ba1bebc8505f5ac32bd23e31ea3", "DIR", 899637], "C:\\netBeansProjects\\fs-crawler\\tests\\data\\Folder0\\Folder4\\file3.txt": ["5d41402abc4b2a76b9719d911017c592", "FILE", 5], "C:\\netBeansProjects\\fs-crawler\\tests\\data\\Folder0\\Folder4\\file4.txt": ["5d41402abc4b2a76b9719d911017c592", "FILE", 5], "C:\\netBeansProjects\\fs-crawler\\tests\\data\\Folder0\\Folder4\\file5.txt": ["6a4316b18e6162cf9fcfa435c8eb74c1", "FILE", 12], "C:\\netBeansProjects\\fs-crawler\\tests\\data\\Folder0\\Folder4\\Folder4_1\\file4.txt": ["5d41402abc4b2a76b9719d911017c592", "FILE", 5], "C:\\netBeansProjects\\fs-crawler\\tests\\data\\Folder0\\Folder4\\Folder4_1\\file5.txt": ["47e22de6e32c293c04b137e039a8c3c8", "FILE", 21], "C:\\netBeansProjects\\fs-crawler\\tests\\data\\Folder0\\Folder4\\Folder4_1": ["30dde27b2151f09dfa8663ab4fcc5754", "DIR", 26], "C:\\netBeansProjects\\fs-crawler\\tests\\data\\Folder0\\Folder4\\fox.png": ["bb3752d6d543c87cbbe189d662d1fbe0", "FILE", 367623], "C:\\netBeansProjects\\fs-crawler\\tests\\data\\Folder0\\Folder4\\groundhog.png": ["bb3752d6d543c87cbbe189d662d1fbe0", "FILE", 367623], "C:\\netBeansProjects\\fs-crawler\\tests\\data\\Folder0\\Folder4\\Thumbs.db": ["ab959cc33b752f274820aff06e6c09ef", "FILE", 164352], "C:\\netBeansProjects\\fs-crawler\\tests\\data\\Folder0\\Folder4": ["42d9052e20d6bae2694d22c30dc37172", "DIR", 899646], "C:\\netBeansProjects\\fs-crawler\\tests\\data\\Folder0\\maliciousFox.png": ["bb3752d6d543c87cbbe189d662d1fbe0", "FILE", 367623], "C:\\netBeansProjects\\fs-crawler\\tests\\data\\Folder0\\scaredGroundhog.png": ["bb3752d6d543c87cbbe189d662d1fbe0", "FILE", 367623], "C:\\netBeansProjects\\fs-crawler\\tests\\data\\Folder0\\Thumbs.db": ["e340de8cf8fa0bc3f0d3f764a8a6b7f8", "FILE", 164352]}