{"C:\\netBeansProjects\\fs-crawler\\tests\\data\\Folder0\\Folder1": 22, "C:\\netBeansProjects\\fs-crawler\\tests\\data\\Folder0\\Folder2\\Folder2_1": 17, "C:\\netBeansProjects\\fs-crawler\\tests\\data\\Folder0\\Folder2": 899637, "C:\\netBeansProjects\\fs-crawler\\tests\\data\\Folder0\\Folder3\\Folder3_1": 17, "C:\\netBeansProjects\\fs-crawler\\tests\\data\\Folder0\\Folder3": 899637, "C:\\netBeansProjects\\fs-crawler\\tests\\data\\Folder0\\Folder4\\Folder4_1": 26, "C:\\netBeansProjects\\fs-crawler\\tests\\data\\Folder0\\Folder4": 899646, "C:\\netBeansProjects\\fs-crawler\\tests\\data\\Folder0": 3598557}