{"('6a4316b18e6162cf9fcfa435c8eb74c1', 'FILE', 12)": ["C:\\netBeansProjects\\fs-crawler\\tests\\data\\Folder0\\Folder2\\Folder2_1\\file5.txt", "C:\\netBeansProjects\\fs-crawler\\tests\\data\\Folder0\\Folder2\\file5.txt", "C:\\netBeansProjects\\fs-crawler\\tests\\data\\Folder0\\Folder1\\file5.txt", "C:\\netBeansProjects\\fs-crawler\\tests\\data\\Folder0\\Folder4\\file5.txt", "C:\\netBeansProjects\\fs-crawler\\tests\\data\\Folder0\\file5.txt"], "('5d41402abc4b2a76b9719d911017c592', 'FILE', 5)": ["C:\\netBeansProjects\\fs-crawler\\tests\\data\\Folder0\\Folder2\\Folder2_1\\file4.txt", "C:\\netBeansProjects\\fs-crawler\\tests\\data\\Folder0\\Folder4\\file4.txt", "C:\\netBeansProjects\\fs-crawler\\tests\\data\\Folder0\\Folder2\\file4.txt", "C:\\netBeansProjects\\fs-crawler\\tests\\data\\Folder0\\Folder1\\file4.txt"], "('619779d97c70dc00d6aa7a736bfd0d26', 'DIR', 17)": ["C:\\netBeansProjects\\fs-crawler\\tests\\data\\Folder0\\Folder1", "C:\\netBeansProjects\\fs-crawler\\tests\\data\\Folder0\\Folder2\\Folder2_1"], "('bb3752d6d543c87cbbe189d662d1fbe0', 'FILE', 367623)": ["C:\\netBeansProjects\\fs-crawler\\tests\\data\\Folder0\\scaredGroundhog.png", "C:\\netBeansProjects\\fs-crawler\\tests\\data\\Folder0\\Folder2\\maliciousFox.png", "C:\\netBeansProjects\\fs-crawler\\tests\\data\\Folder0\\Folder2\\scaredGroundhog.png", "C:\\netBeansProjects\\fs-crawler\\tests\\data\\Folder0\\Folder4\\fox.png", "C:\\netBeansProjects\\fs-crawler\\tests\\data\\Folder0\\maliciousFox.png"], "('ab959cc33b752f274820aff06e6c09ef', 'FILE', 164352)": ["C:\\netBeansProjects\\fs-crawler\\tests\\data\\Folder0\\Folder4\\Thumbs.db", "C:\\netBeansProjects\\fs-crawler\\tests\\data\\Folder0\\Folder2\\Thumbs.db"], "('a8db97d532076b43b78449a7cf20b4a6', 'DIR', 899632)": ["C:\\netBeansProjects\\fs-crawler\\tests\\data\\Folder0\\Folder2"], "('08928813bc19e6f27a1963c394ccdca6', 'DIR', 531992)": ["C:\\netBeansProjects\\fs-crawler\\tests\\data\\Folder0\\Folder4"], "('e340de8cf8fa0bc3f0d3f764a8a6b7f8', 'FILE', 164352)": ["C:\\netBeansProjects\\fs-crawler\\tests\\data\\Folder0\\Thumbs.db"], "('97b99b70b720626d76a63a4b9276d800', 'DIR', 2331251)": ["C:\\netBeansProjects\\fs-crawler\\tests\\data\\Folder0"]}