{"('2c3dbe4f8f561bf62cb12fe4ea838d1d', 'FILE', 26)": ["Folder8/Folder3_1/file8_not_included.txt"], "('75c84755c77317cec5b42745c6f4818a', 'DIR', 55)": ["Folder8/Folder3_1"], "('2172d572e5d03cb7cb9abc026242000d', 'DIR', 899675)": ["Folder8"]}